fatal: none
exceptions: 0 console: 17
suspicious (no-effect/covered/threw): 0
=== per route ===
 Overview: btns=undefined noEffect=0 covered=0 changed=0 exc=0 newConsole=0 textLen=undefined
 MyData: btns=undefined noEffect=0 covered=0 changed=0 exc=0 newConsole=0 textLen=undefined
 SearchEntity: btns=undefined noEffect=0 covered=0 changed=0 exc=0 newConsole=0 textLen=undefined
 MediaServerEntity: btns=undefined noEffect=0 covered=0 changed=0 exc=0 newConsole=0 textLen=undefined
 MyClient: btns=undefined noEffect=0 covered=0 changed=0 exc=0 newConsole=0 textLen=undefined
 DownloadHistory: btns=undefined noEffect=0 covered=0 changed=0 exc=0 newConsole=0 textLen=undefined
 KeepUploadTask: btns=undefined noEffect=0 covered=0 changed=0 exc=0 newConsole=0 textLen=undefined
 Settings: btns=undefined noEffect=0 covered=0 changed=0 exc=0 newConsole=0 textLen=undefined
 SetBase: btns=undefined noEffect=0 covered=0 changed=0 exc=0 newConsole=0 textLen=undefined
 SetSite: btns=undefined noEffect=0 covered=0 changed=0 exc=0 newConsole=0 textLen=undefined
 SetSearchSolution: btns=undefined noEffect=0 covered=0 changed=0 exc=0 newConsole=0 textLen=undefined
 SetDownloader: btns=undefined noEffect=0 covered=0 changed=0 exc=0 newConsole=0 textLen=undefined
 SetMediaServer: btns=undefined noEffect=0 covered=0 changed=0 exc=0 newConsole=0 textLen=undefined
 SetBackup: btns=undefined noEffect=0 covered=0 changed=0 exc=0 newConsole=0 textLen=undefined
 SearchResultSnapshot: btns=undefined noEffect=0 covered=0 changed=0 exc=0 newConsole=0 textLen=undefined
 UserDataTimeline: btns=undefined noEffect=0 covered=0 changed=0 exc=0 newConsole=0 textLen=undefined
 UserDataStatistic: btns=undefined noEffect=0 covered=0 changed=0 exc=0 newConsole=0 textLen=undefined
=== no-effect samples ===
=== exceptions ===
=== console error/warn ===
  log:error [security] Not allowed to load local resource: chrome-error://chromewebdata/#/
  log:error [security] Not allowed to load local resource: chrome-error://chromewebdata/#/my-data
  log:error [security] Not allowed to load local resource: chrome-error://chromewebdata/#/search-entity
  log:error [security] Not allowed to load local resource: chrome-error://chromewebdata/#/media-server-entity
  log:error [security] Not allowed to load local resource: chrome-error://chromewebdata/#/my-client
  log:error [security] Not allowed to load local resource: chrome-error://chromewebdata/#/download-history
  log:error [security] Not allowed to load local resource: chrome-error://chromewebdata/#/keep-upload-task
  log:error [security] Not allowed to load local resource: chrome-error://chromewebdata/#/settings
  log:error [security] Not allowed to load local resource: chrome-error://chromewebdata/#/set-base
  log:error [security] Not allowed to load local resource: chrome-error://chromewebdata/#/set-site
  log:error [security] Not allowed to load local resource: chrome-error://chromewebdata/#/set-search-solution
  log:error [security] Not allowed to load local resource: chrome-error://chromewebdata/#/set-downloader
  log:error [security] Not allowed to load local resource: chrome-error://chromewebdata/#/set-media-server
  log:error [security] Not allowed to load local resource: chrome-error://chromewebdata/#/set-backup
  log:error [security] Not allowed to load local resource: chrome-error://chromewebdata/#/search-result-snapshot
  log:error [security] Not allowed to load local resource: chrome-error://chromewebdata/#/user-data-timeline
  log:error [security] Not allowed to load local resource: chrome-error://chromewebdata/#/user-data-statistic
